// Jest Snapshot v1, https://goo.gl/fbAQLP

exports[`renders correctly ticket 1`] = `
<div
  className="ticket"
>
  <p>
    Test
  </p>
</div>
`;
