// Jest Snapshot v1, https://goo.gl/fbAQLP

exports[`renders correctly app 1`] = `
<div
  className="app"
>
  <p>
    Test
  </p>
</div>
`;
